// Vitest Snapshot v1, https://vitest.dev/guide/snapshot.html

exports[`🐛 spec Parent > 🧪 default 1`] = `
"<div>
  <Children />
  <Button />
</div>"
`;
